<html>
<body>
<pre>
<h1>µVision Build Log</h1>
<h2>Project:</h2>
D:\GitHub\simae-stm32\emc_ae.uvproj
Project File Date:  07/09/2014

<h2>Output:</h2>
Build target 'emc_ae'
compiling gpio.c...
compiling main.c...
User\Src\main.c(110): error:  #20: identifier "vTEMPTask" is undefined
compiling stm32f10x_it.c...
compiling io.c...
compiling usart.c...
compiling temp.c...
User\Src\temp.c(49): error:  #20: identifier "DMA_InitTypeDef" is undefined
User\Src\temp.c(50): error:  #20: identifier "ADC_InitTypeDef" is undefined
User\Src\temp.c(56): error:  #20: identifier "DMA_DIR_PeripheralSRC" is undefined
User\Src\temp.c(58): error:  #20: identifier "DMA_PeripheralInc_Disable" is undefined
User\Src\temp.c(59): error:  #20: identifier "DMA_MemoryInc_Disable" is undefined
User\Src\temp.c(60): error:  #20: identifier "DMA_PeripheralDataSize_HalfWord" is undefined
User\Src\temp.c(61): error:  #20: identifier "DMA_MemoryDataSize_HalfWord" is undefined
User\Src\temp.c(62): error:  #20: identifier "DMA_Mode_Circular" is undefined
User\Src\temp.c(63): error:  #20: identifier "DMA_Priority_High" is undefined
User\Src\temp.c(64): error:  #20: identifier "DMA_M2M_Disable" is undefined
User\Src\temp.c(65): warning:  #223-D: function "DMA_Init" declared implicitly
User\Src\temp.c(68): warning:  #223-D: function "DMA_Cmd" declared implicitly
User\Src\temp.c(71): error:  #20: identifier "ADC_Mode_Independent" is undefined
User\Src\temp.c(74): error:  #20: identifier "ADC_ExternalTrigConv_None" is undefined
User\Src\temp.c(75): error:  #20: identifier "ADC_DataAlign_Right" is undefined
User\Src\temp.c(77): warning:  #223-D: function "ADC_Init" declared implicitly
User\Src\temp.c(84): warning:  #223-D: function "ADC_RegularChannelConfig" declared implicitly
User\Src\temp.c(84): error:  #20: identifier "ADC_Channel_16" is undefined
User\Src\temp.c(84): error:  #20: identifier "ADC_SampleTime_239Cycles5" is undefined
User\Src\temp.c(87): warning:  #223-D: function "ADC_TempSensorVrefintCmd" declared implicitly
User\Src\temp.c(90): warning:  #223-D: function "ADC_DMACmd" declared implicitly
User\Src\temp.c(93): warning:  #223-D: function "ADC_Cmd" declared implicitly
User\Src\temp.c(96): warning:  #223-D: function "ADC_ResetCalibration" declared implicitly
User\Src\temp.c(98): warning:  #223-D: function "ADC_GetResetCalibrationStatus" declared implicitly
User\Src\temp.c(101): warning:  #223-D: function "ADC_StartCalibration" declared implicitly
User\Src\temp.c(103): warning:  #223-D: function "ADC_GetCalibrationStatus" declared implicitly
User\Src\temp.c(106): warning:  #223-D: function "ADC_SoftwareStartConvCmd" declared implicitly
compiling core_cm3.c...
compiling system_stm32f10x.c...
assembling startup_stm32f10x_hd.s...
compiling misc.c...
compiling stm32f10x_adc.c...
compiling stm32f10x_bkp.c...
compiling stm32f10x_can.c...
compiling stm32f10x_cec.c...
compiling stm32f10x_crc.c...
compiling stm32f10x_dac.c...
compiling stm32f10x_dbgmcu.c...
compiling stm32f10x_dma.c...
compiling stm32f10x_exti.c...
compiling stm32f10x_flash.c...
compiling stm32f10x_fsmc.c...
compiling stm32f10x_gpio.c...
compiling stm32f10x_i2c.c...
compiling stm32f10x_iwdg.c...
compiling stm32f10x_pwr.c...
compiling stm32f10x_rcc.c...
compiling stm32f10x_rtc.c...
compiling stm32f10x_sdio.c...
compiling stm32f10x_spi.c...
compiling stm32f10x_tim.c...
compiling stm32f10x_usart.c...
compiling stm32f10x_wwdg.c...
compiling croutine.c...
compiling heap_2.c...
compiling timers.c...
compiling list.c...
compiling port.c...
compiling queue.c...
compiling tasks.c...
Target not created
Build target 'emc_ae'
compiling main.c...
compiling temp.c...
User\Src\temp.c(49): error:  #20: identifier "DMA_InitTypeDef" is undefined
User\Src\temp.c(50): error:  #20: identifier "ADC_InitTypeDef" is undefined
User\Src\temp.c(56): error:  #20: identifier "DMA_DIR_PeripheralSRC" is undefined
User\Src\temp.c(58): error:  #20: identifier "DMA_PeripheralInc_Disable" is undefined
User\Src\temp.c(59): error:  #20: identifier "DMA_MemoryInc_Disable" is undefined
User\Src\temp.c(60): error:  #20: identifier "DMA_PeripheralDataSize_HalfWord" is undefined
User\Src\temp.c(61): error:  #20: identifier "DMA_MemoryDataSize_HalfWord" is undefined
User\Src\temp.c(62): error:  #20: identifier "DMA_Mode_Circular" is undefined
User\Src\temp.c(63): error:  #20: identifier "DMA_Priority_High" is undefined
User\Src\temp.c(64): error:  #20: identifier "DMA_M2M_Disable" is undefined
User\Src\temp.c(65): warning:  #223-D: function "DMA_Init" declared implicitly
User\Src\temp.c(68): warning:  #223-D: function "DMA_Cmd" declared implicitly
User\Src\temp.c(71): error:  #20: identifier "ADC_Mode_Independent" is undefined
User\Src\temp.c(74): error:  #20: identifier "ADC_ExternalTrigConv_None" is undefined
User\Src\temp.c(75): error:  #20: identifier "ADC_DataAlign_Right" is undefined
User\Src\temp.c(77): warning:  #223-D: function "ADC_Init" declared implicitly
User\Src\temp.c(84): warning:  #223-D: function "ADC_RegularChannelConfig" declared implicitly
User\Src\temp.c(84): error:  #20: identifier "ADC_Channel_16" is undefined
User\Src\temp.c(84): error:  #20: identifier "ADC_SampleTime_239Cycles5" is undefined
User\Src\temp.c(87): warning:  #223-D: function "ADC_TempSensorVrefintCmd" declared implicitly
User\Src\temp.c(90): warning:  #223-D: function "ADC_DMACmd" declared implicitly
User\Src\temp.c(93): warning:  #223-D: function "ADC_Cmd" declared implicitly
User\Src\temp.c(96): warning:  #223-D: function "ADC_ResetCalibration" declared implicitly
User\Src\temp.c(98): warning:  #223-D: function "ADC_GetResetCalibrationStatus" declared implicitly
User\Src\temp.c(101): warning:  #223-D: function "ADC_StartCalibration" declared implicitly
User\Src\temp.c(103): warning:  #223-D: function "ADC_GetCalibrationStatus" declared implicitly
User\Src\temp.c(106): warning:  #223-D: function "ADC_SoftwareStartConvCmd" declared implicitly
Target not created
Build target 'emc_ae'
compiling gpio.c...
compiling main.c...
compiling stm32f10x_it.c...
compiling io.c...
compiling usart.c...
compiling temp.c...
compiling system_stm32f10x.c...
compiling misc.c...
compiling stm32f10x_adc.c...
compiling stm32f10x_bkp.c...
compiling stm32f10x_can.c...
compiling stm32f10x_cec.c...
compiling stm32f10x_crc.c...
compiling stm32f10x_dac.c...
compiling stm32f10x_dbgmcu.c...
compiling stm32f10x_dma.c...
compiling stm32f10x_exti.c...
compiling stm32f10x_flash.c...
compiling stm32f10x_fsmc.c...
compiling stm32f10x_gpio.c...
compiling stm32f10x_i2c.c...
compiling stm32f10x_iwdg.c...
compiling stm32f10x_pwr.c...
compiling stm32f10x_rcc.c...
compiling stm32f10x_rtc.c...
compiling stm32f10x_sdio.c...
compiling stm32f10x_spi.c...
compiling stm32f10x_tim.c...
compiling stm32f10x_usart.c...
compiling stm32f10x_wwdg.c...
linking...
Program Size: Code=11364 RO-data=336 RW-data=128 ZI-data=19240  
FromELF: creating hex file...
".\obj\emc_ae.axf" - 0 Error(s), 0 Warning(s).
Load "D:\\GitHub\\simae-stm32\\obj\\emc_ae.AXF" 
* JLink Info: Device "STM32F103VE" selected (512 KB flash, 64 KB RAM).
Set JLink Project File to "D:\GitHub\simae-stm32\JLinkSettings.ini"
 
JLink info:
------------
DLL: V4.35b, compiled Sep  2 2011 18:34:46
Firmware: J-Link ARM V8 compiled Sep  2 2011 17:54:36
Hardware: V8.00
S/N : 304230680 
Feature(s) : RDI,FlashDL,FlashBP,JFlash,GDBFULL 
 
* JLink Info: TotalIRLen = 9, IRPrint = 0x0011
* JLink Info: Found Cortex-M3 r1p1, Little endian.
* JLink Info: TPIU fitted.
* JLink Info: ETM fitted.
* JLink Info:   FPUnit: 6 code (BP) slots and 2 literal slots
ROMTableAddr = 0xE00FF003
* JLink Info: TotalIRLen = 9, IRPrint = 0x0011
* JLink Info: Found Cortex-M3 r1p1, Little endian.
* JLink Info: TPIU fitted.
* JLink Info: ETM fitted.
* JLink Info:   FPUnit: 6 code (BP) slots and 2 literal slots
 
Target info:
------------
Device: STM32F103VE
VTarget = 3.338V
State of Pins: 
TCK: 1, TDI: 0, TDO: 1, TMS: 0, TRES: 1, TRST: 1
Hardware-Breakpoints: 6
Software-Breakpoints: 8192
Watchpoints:          4
JTAG speed: 2000 kHz
 
Erase Done.
Programming Done.
Verify OK.
* JLink Info: TotalIRLen = 9, IRPrint = 0x0011
* JLink Info: Found Cortex-M3 r1p1, Little endian.
* JLink Info: TPIU fitted.
* JLink Info: ETM fitted.
* JLink Info:   FPUnit: 6 code (BP) slots and 2 literal slots
Application running ...
Build target 'emc_ae'
compiling main.c...
linking...
Program Size: Code=11364 RO-data=336 RW-data=128 ZI-data=19240  
FromELF: creating hex file...
".\obj\emc_ae.axf" - 0 Error(s), 0 Warning(s).
Load "D:\\GitHub\\simae-stm32\\obj\\emc_ae.AXF" 
* JLink Info: Device "STM32F103VE" selected (512 KB flash, 64 KB RAM).
Set JLink Project File to "D:\GitHub\simae-stm32\JLinkSettings.ini"
 
JLink info:
------------
DLL: V4.35b, compiled Sep  2 2011 18:34:46
Firmware: J-Link ARM V8 compiled Sep  2 2011 17:54:36
Hardware: V8.00
S/N : 304230680 
Feature(s) : RDI,FlashDL,FlashBP,JFlash,GDBFULL 
 
* JLink Info: TotalIRLen = 9, IRPrint = 0x0011
* JLink Info: Found Cortex-M3 r1p1, Little endian.
* JLink Info: TPIU fitted.
* JLink Info: ETM fitted.
* JLink Info:   FPUnit: 6 code (BP) slots and 2 literal slots
ROMTableAddr = 0xE00FF003
* JLink Info: TotalIRLen = 9, IRPrint = 0x0011
* JLink Info: Found Cortex-M3 r1p1, Little endian.
* JLink Info: TPIU fitted.
* JLink Info: ETM fitted.
* JLink Info:   FPUnit: 6 code (BP) slots and 2 literal slots
 
Target info:
------------
Device: STM32F103VE
VTarget = 3.338V
State of Pins: 
TCK: 1, TDI: 0, TDO: 1, TMS: 0, TRES: 1, TRST: 1
Hardware-Breakpoints: 6
Software-Breakpoints: 8192
Watchpoints:          4
JTAG speed: 2000 kHz
 
Erase Done.
Programming Done.
Verify OK.
* JLink Info: TotalIRLen = 9, IRPrint = 0x0011
* JLink Info: Found Cortex-M3 r1p1, Little endian.
* JLink Info: TPIU fitted.
* JLink Info: ETM fitted.
* JLink Info:   FPUnit: 6 code (BP) slots and 2 literal slots
Application running ...
Clean started: Project: 'emc_ae'
   deleting intermediate output files for target 'emc_ae'
